FAILED tests/grammar_alignment/test_v3_00_indentation.py::TestV3_Indentation_Basic::test_dedent_multiple_levels
FAILED tests/grammar_alignment/test_v3_00_indentation.py::TestV3_Indentation_Basic::test_nested_if_blocks
FAILED tests/grammar_alignment/test_v3_00_indentation.py::TestV3_Indentation_Basic::test_for_loop_indent
FAILED tests/grammar_alignment/test_v3_00_indentation.py::TestV3_Indentation_Basic::test_when_block_indent
FAILED tests/grammar_alignment/test_v3_00_indentation.py::TestV3_Indentation_Boundaries::test_8_space_nested
FAILED tests/grammar_alignment/test_v3_00_indentation.py::TestV3_Indentation_Boundaries::test_12_space_triple_nested
FAILED tests/grammar_alignment/test_v3_00_indentation.py::TestV3_Indentation_Tabs::test_two_tabs_nested
FAILED tests/grammar_alignment/test_v3_00_indentation.py::TestV3_Indentation_Complex::test_5_level_deep_nesting
FAILED tests/grammar_alignment/test_v3_00_indentation.py::TestV3_Indentation_Complex::test_multiple_dedents_in_sequence
FAILED tests/grammar_alignment/test_v3_00_indentation.py::TestV3_Indentation_Complex::test_else_if_chain_indentation
FAILED tests/grammar_alignment/test_v3_00_indentation.py::TestV3_Indentation_Complex::test_when_cases_same_indent
FAILED tests/grammar_alignment/test_v3_00_indentation.py::TestV3_Indentation_Complex::test_for_loop_with_nested_if
FAILED tests/grammar_alignment/test_v3_00_indentation.py::TestV3_Indentation_PythonAlignment::test_looks_like_python_if
FAILED tests/grammar_alignment/test_v3_00_indentation.py::TestV3_Indentation_PythonAlignment::test_looks_like_python_for
FAILED tests/grammar_alignment/test_v3_01_variables.py::TestV3_1_3_Assignment::test_assignment_expression
FAILED tests/grammar_alignment/test_v3_02_control_flow.py::TestV3_2_1_StepBlock::test_step_with_nested_if
FAILED tests/grammar_alignment/test_v3_02_control_flow.py::TestV3_2_2_IfElse::test_if_basic
FAILED tests/grammar_alignment/test_v3_02_control_flow.py::TestV3_2_2_IfElse::test_if_else
FAILED tests/grammar_alignment/test_v3_02_control_flow.py::TestV3_2_2_IfElse::test_if_else_if
FAILED tests/grammar_alignment/test_v3_02_control_flow.py::TestV3_2_2_IfElse::test_if_with_python_bool
FAILED tests/grammar_alignment/test_v3_02_control_flow.py::TestV3_2_2_IfElse::test_if_with_none_check
FAILED tests/grammar_alignment/test_v3_02_control_flow.py::TestV3_2_2_IfElse::test_nested_if
FAILED tests/grammar_alignment/test_v3_02_control_flow.py::TestV3_2_2_IfElse::test_if_with_complex_condition
FAILED tests/grammar_alignment/test_v3_02_control_flow.py::TestV3_2_2_IfElse::test_if_with_end_keyword_error
FAILED tests/grammar_alignment/test_v3_02_control_flow.py::TestV3_2_3_WhenOtherwise::test_when_basic
FAILED tests/grammar_alignment/test_v3_02_control_flow.py::TestV3_2_3_WhenOtherwise::test_when_with_otherwise
FAILED tests/grammar_alignment/test_v3_02_control_flow.py::TestV3_2_3_WhenOtherwise::test_when_multiple_cases
FAILED tests/grammar_alignment/test_v3_02_control_flow.py::TestV3_2_3_WhenOtherwise::test_when_nested_statements
FAILED tests/grammar_alignment/test_v3_02_control_flow.py::TestV3_2_3_WhenOtherwise::test_when_with_end_keyword_error
FAILED tests/grammar_alignment/test_v3_02_control_flow.py::TestV3_2_3_WhenOtherwise::test_when_or_pattern_basic
FAILED tests/grammar_alignment/test_v3_02_control_flow.py::TestV3_2_3_WhenOtherwise::test_when_or_pattern_numbers
FAILED tests/grammar_alignment/test_v3_02_control_flow.py::TestV3_2_3_WhenOtherwise::test_when_or_pattern_mixed
FAILED tests/grammar_alignment/test_v3_02_control_flow.py::TestV3_2_3_WhenOtherwise::test_when_or_pattern_three_values
FAILED tests/grammar_alignment/test_v3_02_control_flow.py::TestV3_2_4_ForEachLoop::test_for_basic
FAILED tests/grammar_alignment/test_v3_02_control_flow.py::TestV3_2_4_ForEachLoop::test_for_multiple_statements
FAILED tests/grammar_alignment/test_v3_02_control_flow.py::TestV3_2_4_ForEachLoop::test_for_with_nested_if
FAILED tests/grammar_alignment/test_v3_02_control_flow.py::TestV3_2_4_ForEachLoop::test_nested_for_loops
FAILED tests/grammar_alignment/test_v3_02_control_flow.py::TestV3_2_4_ForEachLoop::test_for_looks_like_python
FAILED tests/grammar_alignment/test_v3_02_control_flow.py::TestV3_2_4_ForEachLoop::test_for_with_end_keyword_error
FAILED tests/grammar_alignment/test_v3_02_control_flow.py::TestV3_ControlFlow_Complex::test_python_style_control_flow
FAILED tests/grammar_alignment/test_v3_02_control_flow.py::TestV3_ControlFlow_Complex::test_deep_nesting
FAILED tests/grammar_alignment/test_v3_02_control_flow.py::TestV3_ControlFlow_PythonAlignment::test_structure_matches_python[if x > 0:\n    let y = 1-if x > 0:\n    y = 1]
FAILED tests/grammar_alignment/test_v3_02_control_flow.py::TestV3_ControlFlow_PythonAlignment::test_structure_matches_python[for item in items:\n    log item-for item in items:\n    print(item)]
FAILED tests/grammar_alignment/test_v3_02_control_flow.py::TestV3_ControlFlow_PythonAlignment::test_structure_matches_python[if x:\n    let a = 1\nelse:\n    let a = 2-if x:\n    a = 1\nelse:\n    a = 2]
FAILED tests/grammar_alignment/test_v3_02_control_flow.py::TestV3_ControlFlow_PythonAlignment::test_no_end_keyword_like_python
FAILED tests/grammar_alignment/test_v3_03_navigation.py::TestV3_3_1_NavigateTo::test_navigate_in_if_block
FAILED tests/grammar_alignment/test_v3_03_navigation.py::TestV3_3_2_GoBackForward::test_go_back_in_if
FAILED tests/grammar_alignment/test_v3_03_navigation.py::TestV3_3_3_Reload::test_reload_in_if
FAILED tests/grammar_alignment/test_v3_03_navigation.py::TestV3_3_Integration::test_nested_navigation
FAILED tests/grammar_alignment/test_v3_04_wait.py::TestV3_4_1_WaitDuration::test_wait_in_if
FAILED tests/grammar_alignment/test_v3_04_wait.py::TestV3_4_2_WaitElement::test_wait_for_element_in_if
FAILED tests/grammar_alignment/test_v3_04_wait.py::TestV3_4_Integration::test_conditional_waits
FAILED tests/grammar_alignment/test_v3_04_wait.py::TestV3_4_Integration::test_nested_waits_in_blocks
FAILED tests/grammar_alignment/test_v3_05_selection.py::TestV3_5_1_SelectElement::test_select_in_if
FAILED tests/grammar_alignment/test_v3_05_selection.py::TestV3_5_2_SelectOption::test_select_option_in_if
FAILED tests/grammar_alignment/test_v3_05_selection.py::TestV3_5_Integration::test_conditional_selection
FAILED tests/grammar_alignment/test_v3_05_selection.py::TestV3_5_Integration::test_nested_selection
FAILED tests/grammar_alignment/test_v3_06_actions.py::TestV3_6_3_DoubleClick::test_double_click_in_if
FAILED tests/grammar_alignment/test_v3_06_actions.py::TestV3_6_Integration::test_nested_actions
FAILED tests/grammar_alignment/test_v3_07_assertions.py::TestV3_7_AssertExpression::test_assert_comparison
FAILED tests/grammar_alignment/test_v3_07_assertions.py::TestV3_7_AssertExpression::test_assert_none
FAILED tests/grammar_alignment/test_v3_07_assertions.py::TestV3_7_AssertExpression::test_assert_with_message
FAILED tests/grammar_alignment/test_v3_07_assertions.py::TestV3_7_AssertExpression::test_assert_logical_and
FAILED tests/grammar_alignment/test_v3_07_assertions.py::TestV3_7_AssertExpression::test_assert_logical_or
FAILED tests/grammar_alignment/test_v3_07_assertions.py::TestV3_7_AssertExpression::test_assert_complex_expression
FAILED tests/grammar_alignment/test_v3_07_assertions.py::TestV3_7_AssertExpression::test_assert_in_step
FAILED tests/grammar_alignment/test_v3_07_assertions.py::TestV3_7_AssertExpression::test_assert_in_if
FAILED tests/grammar_alignment/test_v3_10_utilities.py::TestV3_10_1_Log::test_log_fstring
FAILED tests/grammar_alignment/test_v3_10_utilities.py::TestV3_10_1_Log::test_log_fstring_multiple_vars
FAILED tests/grammar_alignment/test_v3_10_utilities.py::TestV3_10_1_Log::test_log_fstring_expression
FAILED tests/grammar_alignment/test_v3_10_utilities.py::TestV3_10_1_Log::test_log_in_step
FAILED tests/grammar_alignment/test_v3_10_utilities.py::TestV3_10_Integration::test_log_and_screenshot_workflow
FAILED tests/grammar_alignment/test_v3_10_utilities.py::TestV3_10_Integration::test_conditional_logging
FAILED tests/grammar_alignment/test_v3_builtin_functions.py::TestV3_Builtin_Integration::test_functions_in_workflow
FAILED tests/grammar_alignment/test_v3_builtin_functions.py::TestV3_Builtin_Integration::test_functions_in_conditionals
FAILED tests/grammar_alignment/test_v3_builtin_functions.py::TestV3_Builtin_Integration::test_type_conversion_workflow
FAILED tests/grammar_alignment/test_v3_data_types.py::TestV3_DataTypes_Boolean::test_true_in_expression
FAILED tests/grammar_alignment/test_v3_data_types.py::TestV3_DataTypes_Boolean::test_false_in_condition
FAILED tests/grammar_alignment/test_v3_data_types.py::TestV3_DataTypes_None::test_none_in_comparison
FAILED tests/grammar_alignment/test_v3_data_types.py::TestV3_DataTypes_None::test_none_in_condition
FAILED tests/grammar_alignment/test_v3_data_types.py::TestV3_DataTypes_None::test_none_not_equal
FAILED tests/grammar_alignment/test_v3_data_types.py::TestV3_DataTypes_String::test_fstring_interpolation
FAILED tests/grammar_alignment/test_v3_data_types.py::TestV3_DataTypes_String::test_fstring_multiple_interpolations
FAILED tests/grammar_alignment/test_v3_data_types.py::TestV3_DataTypes_String::test_fstring_with_expression
FAILED tests/grammar_alignment/test_v3_data_types.py::TestV3_DataTypes_String::test_plain_string_no_interpolation
FAILED tests/grammar_alignment/test_v3_expressions.py::TestV3_Expr_LogicalOr::test_logical_or
FAILED tests/grammar_alignment/test_v3_expressions.py::TestV3_Expr_LogicalAnd::test_logical_and
FAILED tests/grammar_alignment/test_v3_expressions.py::TestV3_Expr_LogicalNot::test_logical_not
FAILED tests/grammar_alignment/test_v3_expressions.py::TestV3_Expr_Comparison::test_equal
FAILED tests/grammar_alignment/test_v3_expressions.py::TestV3_Expr_Comparison::test_not_equal
FAILED tests/grammar_alignment/test_v3_expressions.py::TestV3_Expr_Comparison::test_greater_than
FAILED tests/grammar_alignment/test_v3_expressions.py::TestV3_Expr_Comparison::test_less_than
FAILED tests/grammar_alignment/test_v3_expressions.py::TestV3_Expr_Comparison::test_greater_equal
FAILED tests/grammar_alignment/test_v3_expressions.py::TestV3_Expr_Comparison::test_less_equal
FAILED tests/grammar_alignment/test_v3_expressions.py::TestV3_Expr_Comparison::test_none_comparison
FAILED tests/grammar_alignment/test_v3_expressions.py::TestV3_Expr_Additive::test_addition
FAILED tests/grammar_alignment/test_v3_expressions.py::TestV3_Expr_Additive::test_subtraction
FAILED tests/grammar_alignment/test_v3_expressions.py::TestV3_Expr_Additive::test_multiple_additions
FAILED tests/grammar_alignment/test_v3_expressions.py::TestV3_Expr_Multiplicative::test_multiplication
FAILED tests/grammar_alignment/test_v3_expressions.py::TestV3_Expr_Multiplicative::test_division
FAILED tests/grammar_alignment/test_v3_expressions.py::TestV3_Expr_Multiplicative::test_modulo
FAILED tests/grammar_alignment/test_v3_expressions.py::TestV3_Expr_Primary::test_parentheses
FAILED tests/grammar_alignment/test_v3_expressions.py::TestV3_Expr_Complex::test_precedence_arithmetic
FAILED tests/grammar_alignment/test_v3_expressions.py::TestV3_Expr_Complex::test_precedence_comparison_logical
FAILED tests/grammar_alignment/test_v3_expressions.py::TestV3_Expr_Complex::test_complex_python_style
FAILED tests/grammar_alignment/test_v3_expressions.py::TestV3_Expr_Complex::test_fstring_with_expressions
FAILED tests/grammar_alignment/test_v3_expressions.py::TestV3_Expr_Complex::test_expressions_in_control_flow
FAILED tests/grammar_alignment/test_v3_python_alignment.py::TestV3_PythonAlignment_FString::test_fstring_interpolation_correct
FAILED tests/grammar_alignment/test_v3_python_alignment.py::TestV3_PythonAlignment_FString::test_plain_string_no_interpolation_correct
FAILED tests/grammar_alignment/test_v3_python_alignment.py::TestV3_PythonAlignment_FString::test_auto_interpolation_disabled
FAILED tests/grammar_alignment/test_v3_python_alignment.py::TestV3_PythonAlignment_NoEndKeyword::test_if_without_end_correct
FAILED tests/grammar_alignment/test_v3_python_alignment.py::TestV3_PythonAlignment_NoEndKeyword::test_end_if_keyword_error
FAILED tests/grammar_alignment/test_v3_python_alignment.py::TestV3_PythonAlignment_Comprehensive::test_python_alignment_consistency[if x > 0:\n    let y = 1-True]
FAILED tests/grammar_alignment/test_v3_python_alignment.py::TestV3_PythonAlignment_Comprehensive::test_complex_python_style_code
FAILED tests/grammar_alignment/test_v3_python_alignment.py::TestV3_ErrorConsistency::test_error_messages_contain_hint[if x:\n    y = 1\nend if-end]
FAILED tests/unit/dsl/test_expression_evaluator.py::TestIdentifierEvaluation::test_lookup_nonexistent_variable
FAILED tests/unit/dsl/test_operator_precedence.py::TestArithmeticPrecedence::test_multiplication_before_addition
FAILED tests/unit/dsl/test_operator_precedence.py::TestArithmeticPrecedence::test_division_before_subtraction
FAILED tests/unit/dsl/test_operator_precedence.py::TestArithmeticPrecedence::test_modulo_before_addition
FAILED tests/unit/dsl/test_operator_precedence.py::TestArithmeticPrecedence::test_left_associativity_addition
FAILED tests/unit/dsl/test_operator_precedence.py::TestArithmeticPrecedence::test_left_associativity_multiplication
FAILED tests/unit/dsl/test_operator_precedence.py::TestArithmeticPrecedence::test_mixed_operators
FAILED tests/unit/dsl/test_operator_precedence.py::TestLogicalPrecedence::test_and_before_or
FAILED tests/unit/dsl/test_operator_precedence.py::TestLogicalPrecedence::test_and_left_associative
FAILED tests/unit/dsl/test_operator_precedence.py::TestLogicalPrecedence::test_or_left_associative
FAILED tests/unit/dsl/test_operator_precedence.py::TestLogicalPrecedence::test_complex_logical_expression
FAILED tests/unit/dsl/test_operator_precedence.py::TestUnaryPrecedence::test_not_before_and
FAILED tests/unit/dsl/test_operator_precedence.py::TestUnaryPrecedence::test_not_before_or
FAILED tests/unit/dsl/test_operator_precedence.py::TestUnaryPrecedence::test_unary_minus
FAILED tests/unit/dsl/test_operator_precedence.py::TestComparisonPrecedence::test_arithmetic_before_comparison
FAILED tests/unit/dsl/test_operator_precedence.py::TestComparisonPrecedence::test_comparison_before_logical
FAILED tests/unit/dsl/test_operator_precedence.py::TestComparisonPrecedence::test_equality_before_logical
FAILED tests/unit/dsl/test_operator_precedence.py::TestParenthesesPrecedence::test_parentheses_override_multiplication
FAILED tests/unit/dsl/test_operator_precedence.py::TestParenthesesPrecedence::test_parentheses_override_and
FAILED tests/unit/dsl/test_operator_precedence.py::TestParenthesesPrecedence::test_nested_parentheses
FAILED tests/unit/dsl/test_operator_precedence.py::TestComplexPrecedence::test_full_precedence_chain
FAILED tests/unit/dsl/test_operator_precedence.py::TestComplexPrecedence::test_unary_with_comparison_and_logical
FAILED tests/unit/dsl/test_operator_precedence.py::TestComplexPrecedence::test_precedence_examples[a + b * c-+-\u4e58\u6cd5\u4f18\u5148\u4e8e\u52a0\u6cd5]
FAILED tests/unit/dsl/test_operator_precedence.py::TestComplexPrecedence::test_precedence_examples[a AND b OR c-OR-AND \u4f18\u5148\u4e8e OR]
FAILED tests/unit/dsl/test_operator_precedence.py::TestComplexPrecedence::test_precedence_examples[NOT a AND b-AND-NOT \u4f18\u5148\u4e8e AND]
FAILED tests/unit/dsl/test_operator_precedence.py::TestComplexPrecedence::test_precedence_examples[a > b AND c-AND-\u6bd4\u8f83\u4f18\u5148\u4e8e\u903b\u8f91]
FAILED tests/unit/dsl/test_operator_precedence.py::TestComplexPrecedence::test_precedence_examples[(a + b) * c-*-\u62ec\u53f7\u6539\u53d8\u4f18\u5148\u7ea7]
